// Jest Snapshot v1, https://goo.gl/fbAQLP

exports[`SelectorIdentifierMap should match snapshot 1`] = `undefined`;
