// Jest Snapshot v1, https://goo.gl/fbAQLP

exports[`createAssets method should read manifests and add source to assets 1`] = `
[
  {
    "name": "widget.js",
    "source": {
      "es11": "https://seznam.cz/static/es11/widget.53fbc48b6fb616ecfd1b.js",
      "es9": "https://seznam.cz/static/es9/widget.fdf95165e917b666fc62.js",
    },
    "type": "script",
  },
  {
    "name": "style.css",
    "source": "https://seznam.cz/static/css/style.c3e64bd85803ef0e5583.css",
    "type": "stylesheet",
  },
]
`;
